237.43.24.118 - - [27/May/2016:22:13:33 +0100] "GET /section5 HTTP/1.0" 200 2952 "http://searchengine.com" "Mozilla/5.0 (Linux; U; Android 2.3.5; en-us; HTC Vision Build/GRI40) AppleWebKit/533.1 (KHTML, like Gecko) Version/4.0 Mobile Safari/533.1"
10.182.189.79 - - [27/May/2016:22:18:25 +0100] "GET /section1 HTTP/1.0" 200 2419 "http://shoptoplist.com/top_shops" "Mozilla/5.0 (Windows; U; MSIE 9.0; WIndows NT 9.0; en-US))"
10.182.189.79 - - [27/May/2016:22:27:17 +0100] "GET /section5 HTTP/1.0" 200 3564 "http://productreviews.com" "Mozilla/4.0 (compatible; MSIE 7.0; Windows NT 6.0)"
244.157.45.12 - - [27/May/2016:22:41:49 +0100] "GET /section8 HTTP/1.0" 200 3646 "-" "Mozilla/5.0 (Windows; U; MSIE 9.0; WIndows NT 9.0; en-US))"
244.157.45.12 - - [27/May/2016:22:44:18 +0100] "GET /section4 HTTP/1.0" 200 4015 "http://searchengine.com" "Mozilla/5.0 (iPad; CPU OS 6_0 like Mac OS X) AppleWebKit/536.26 (KHTML, like Gecko) Version/6.0 Mobile/10A5355d Safari/8536.25"
233.192.62.103 - - [27/May/2016:23:05:57 +0100] "GET /section5 HTTP/1.0" 200 3152 "http://productreviews.com" "Mozilla/5.0 (iPad; CPU OS 6_0 like Mac OS X) AppleWebKit/536.26 (KHTML, like Gecko) Version/6.0 Mobile/10A5355d Safari/8536.25"
114.214.178.92 - - [27/May/2016:23:23:05 +0100] "GET /section6 HTTP/1.0" 200 4511 "http://www.shoppingsite.com" "Mozilla/5.0 (Linux; U; Android 2.3.5; en-us; HTC Vision Build/GRI40) AppleWebKit/533.1 (KHTML, like Gecko) Version/4.0 Mobile Safari/533.1"
233.192.62.103 - - [27/May/2016:23:25:08 +0100] "GET /section7 HTTP/1.0" 200 4800 "http://shoptoplist.com/top_shops" "Mozilla/5.0 (iPad; CPU OS 6_0 like Mac OS X) AppleWebKit/536.26 (KHTML, like Gecko) Version/6.0 Mobile/10A5355d Safari/8536.25"
237.43.24.118 - - [27/May/2016:23:48:55 +0100] "GET /section1 HTTP/1.0" 200 3816 "http://shoptoplist.com/top_shops" "Mozilla/5.0 (Windows; U; Windows NT 6.1; rv:2.2) Gecko/20110201"
198.122.118.164 - - [28/May/2016:00:00:11 +0100] "GET /section6 HTTP/1.0" 200 2454 "http://productreviews.com" "Mozilla/5.0 (iPad; CPU OS 6_0 like Mac OS X) AppleWebKit/536.26 (KHTML, like Gecko) Version/6.0 Mobile/10A5355d Safari/8536.25"
16.180.70.237 - - [28/May/2016:00:15:28 +0100] "GET /section4 HTTP/1.0" 200 4936 "http://productreviews.com" "Mozilla/5.0 (Windows; U; MSIE 9.0; WIndows NT 9.0; en-US))"
10.182.189.79 - - [28/May/2016:00:48:04 +0100] "GET /section8 HTTP/1.0" 200 3033 "http://shoptoplist.com/top_shops" "Mozilla/5.0 (Linux; U; Android 2.3.5; en-us; HTC Vision Build/GRI40) AppleWebKit/533.1 (KHTML, like Gecko) Version/4.0 Mobile Safari/533.1"
81.73.150.239 - - [28/May/2016:01:30:35 +0100] "GET /section1 HTTP/1.0" 200 3988 "http://searchengine.com" "Mozilla/5.0 (Windows NT 5.1; rv:31.0) Gecko/20100101 Firefox/31.0"
16.180.70.237 - - [28/May/2016:01:55:25 +0100] "GET /section5 HTTP/1.0" 200 2736 "http://www.shoppingsite.com" "Mozilla/5.0 (Macintosh; Intel Mac OS X 10_9_2) AppleWebKit/537.36 (KHTML, like Gecko) Chrome/36.0.1944.0 Safari/537.36"
244.157.45.12 - - [28/May/2016:02:01:48 +0100] "GET /section4 HTTP/1.0" 200 2215 "http://www.shoppingsite.com" "Mozilla/5.0 (Macintosh; Intel Mac OS X 10_9_2) AppleWebKit/537.36 (KHTML, like Gecko) Chrome/36.0.1944.0 Safari/537.36"
237.43.24.118 - - [28/May/2016:02:04:22 +0100] "GET /section1 HTTP/1.0" 200 3564 "http://shoptoplist.com/top_shops" "Mozilla/5.0 (Windows; U; Windows NT 6.1; rv:2.2) Gecko/20110201"
237.43.24.118 - - [28/May/2016:02:46:09 +0100] "GET /section3 HTTP/1.0" 200 3086 "http://shoptoplist.com/top_shops" "Mozilla/5.0 (Windows; U; Windows NT 6.1; rv:2.2) Gecko/20110201"
123.221.14.56 - - [28/May/2016:03:15:19 +0100] "GET /section5 HTTP/1.0" 200 2530 "http://productreviews.com" "Mozilla/5.0 (Windows; U; Windows NT 6.1; rv:2.2) Gecko/20110201"
16.180.70.237 - - [28/May/2016:03:20:36 +0100] "GET /section4 HTTP/1.0" 200 2750 "http://www.shoppingsite.com" "Mozilla/5.0 (Linux; U; Android 2.3.5; en-us; HTC Vision Build/GRI40) AppleWebKit/533.1 (KHTML, like Gecko) Version/4.0 Mobile Safari/533.1"
81.73.150.239 - - [28/May/2016:04:03:02 +0100] "GET /section6 HTTP/1.0" 200 2151 "http://productreviews.com" "Mozilla/5.0 (iPad; CPU OS 6_0 like Mac OS X) AppleWebKit/536.26 (KHTML, like Gecko) Version/6.0 Mobile/10A5355d Safari/8536.25"
16.180.70.237 - - [28/May/2016:04:15:54 +0100] "GET /section4 HTTP/1.0" 200 2247 "http://www.shoppingsite.com" "Mozilla/5.0 (Linux; U; Android 2.3.5; en-us; HTC Vision Build/GRI40) AppleWebKit/533.1 (KHTML, like Gecko) Version/4.0 Mobile Safari/533.1"
114.214.178.92 - - [28/May/2016:04:45:25 +0100] "GET /section1 HTTP/1.0" 200 3905 "-" "Mozilla/5.0 (iPad; CPU OS 6_0 like Mac OS X) AppleWebKit/536.26 (KHTML, like Gecko) Version/6.0 Mobile/10A5355d Safari/8536.25"
123.221.14.56 - - [28/May/2016:04:58:46 +0100] "GET /section2 HTTP/1.0" 200 4098 "-" "Mozilla/5.0 (Windows NT 5.1; rv:31.0) Gecko/20100101 Firefox/31.0"
198.122.118.164 - - [28/May/2016:05:23:04 +0100] "GET /section6 HTTP/1.0" 200 4253 "http://productreviews.com" "Mozilla/5.0 (Windows; U; Windows NT 6.1; rv:2.2) Gecko/20110201"
218.193.16.244 - - [28/May/2016:06:07:11 +0100] "GET /section6 HTTP/1.0" 200 2317 "http://shoptoplist.com/top_shops" "Mozilla/4.0 (compatible; MSIE 7.0; Windows NT 6.0)"
218.193.16.244 - - [28/May/2016:06:23:07 +0100] "GET /section7 HTTP/1.0" 200 2779 "http://www.shoppingsite.com" "Mozilla/5.0 (Windows; U; MSIE 9.0; WIndows NT 9.0; en-US))"
237.43.24.118 - - [28/May/2016:06:28:21 +0100] "GET /section4 HTTP/1.0" 200 4108 "http://productreviews.com" "Mozilla/5.0 (Linux; U; Android 2.3.5; en-us; HTC Vision Build/GRI40) AppleWebKit/533.1 (KHTML, like Gecko) Version/4.0 Mobile Safari/533.1"
81.73.150.239 - - [28/May/2016:06:41:52 +0100] "GET /section5 HTTP/1.0" 200 3647 "-" "Mozilla/5.0 (iPad; CPU OS 6_0 like Mac OS X) AppleWebKit/536.26 (KHTML, like Gecko) Version/6.0 Mobile/10A5355d Safari/8536.25"
123.221.14.56 - - [28/May/2016:07:06:24 +0100] "GET /section8 HTTP/1.0" 200 2568 "http://productreviews.com" "Mozilla/5.0 (Windows NT 5.1; rv:31.0) Gecko/20100101 Firefox/31.0"
218.193.16.244 - - [28/May/2016:07:37:57 +0100] "GET /section6 HTTP/1.0" 200 2977 "-" "Mozilla/5.0 (Windows; U; Windows NT 6.1; rv:2.2) Gecko/20110201"
237.43.24.118 - - [28/May/2016:08:00:30 +0100] "GET /section5 HTTP/1.0" 200 3496 "http://searchengine.com" "Mozilla/5.0 (Windows NT 5.1; rv:31.0) Gecko/20100101 Firefox/31.0"
16.180.70.237 - - [28/May/2016:08:01:36 +0100] "GET /section3 HTTP/1.0" 200 3547 "http://searchengine.com" "Mozilla/5.0 (Windows NT 5.1; rv:31.0) Gecko/20100101 Firefox/31.0"
123.221.14.56 - - [28/May/2016:08:36:33 +0100] "GET /section2 HTTP/1.0" 200 3085 "-" "Mozilla/5.0 (Windows; U; MSIE 9.0; WIndows NT 9.0; en-US))"
244.157.45.12 - - [28/May/2016:09:24:51 +0100] "GET /section4 HTTP/1.0" 200 2233 "http://shoptoplist.com/top_shops" "Mozilla/5.0 (Windows NT 5.1; rv:31.0) Gecko/20100101 Firefox/31.0"
16.180.70.237 - - [28/May/2016:09:55:42 +0100] "GET /section2 HTTP/1.0" 200 4733 "http://www.shoppingsite.com" "Mozilla/5.0 (Linux; U; Android 2.3.5; en-us; HTC Vision Build/GRI40) AppleWebKit/533.1 (KHTML, like Gecko) Version/4.0 Mobile Safari/533.1"
16.180.70.237 - - [28/May/2016:10:19:11 +0100] "GET /section8 HTTP/1.0" 200 3324 "http://www.shoppingsite.com" "Mozilla/5.0 (Windows; U; MSIE 9.0; WIndows NT 9.0; en-US))"
218.193.16.244 - - [28/May/2016:10:56:15 +0100] "GET /section4 HTTP/1.0" 200 2596 "http://searchengine.com" "Mozilla/5.0 (Windows NT 5.1; rv:31.0) Gecko/20100101 Firefox/31.0"
16.180.70.237 - - [28/May/2016:11:22:10 +0100] "GET /section8 HTTP/1.0" 200 2485 "-" "Mozilla/5.0 (Windows; U; Windows NT 6.1; rv:2.2) Gecko/20110201"
114.214.178.92 - - [28/May/2016:11:46:44 +0100] "GET /section6 HTTP/1.0" 200 4808 "http://searchengine.com" "Mozilla/5.0 (iPad; CPU OS 6_0 like Mac OS X) AppleWebKit/536.26 (KHTML, like Gecko) Version/6.0 Mobile/10A5355d Safari/8536.25"
123.221.14.56 - - [28/May/2016:12:02:45 +0100] "GET /section1 HTTP/1.0" 200 2108 "http://productreviews.com" "Mozilla/5.0 (Windows NT 5.1; rv:31.0) Gecko/20100101 Firefox/31.0"
16.180.70.237 - - [28/May/2016:12:26:23 +0100] "GET /section1 HTTP/1.0" 200 3552 "http://www.shoppingsite.com" "Mozilla/5.0 (Windows; U; Windows NT 6.1; rv:2.2) Gecko/20110201"
218.193.16.244 - - [28/May/2016:13:11:54 +0100] "GET /section3 HTTP/1.0" 200 3712 "http://shoptoplist.com/top_shops" "Mozilla/4.0 (compatible; MSIE 7.0; Windows NT 6.0)"
237.43.24.118 - - [28/May/2016:13:50:25 +0100] "GET /section8 HTTP/1.0" 200 4337 "-" "Mozilla/5.0 (Linux; U; Android 2.3.5; en-us; HTC Vision Build/GRI40) AppleWebKit/533.1 (KHTML, like Gecko) Version/4.0 Mobile Safari/533.1"
198.122.118.164 - - [28/May/2016:14:19:21 +0100] "GET /section1 HTTP/1.0" 200 4766 "http://shoptoplist.com/top_shops" "Mozilla/5.0 (Windows; U; MSIE 9.0; WIndows NT 9.0; en-US))"
198.122.118.164 - - [28/May/2016:14:53:54 +0100] "GET /section5 HTTP/1.0" 200 2543 "http://shoptoplist.com/top_shops" "Mozilla/5.0 (Windows; U; MSIE 9.0; WIndows NT 9.0; en-US))"
10.182.189.79 - - [28/May/2016:15:13:37 +0100] "GET /section6 HTTP/1.0" 200 4912 "http://shoptoplist.com/top_shops" "Mozilla/5.0 (Windows; U; Windows NT 6.1; rv:2.2) Gecko/20110201"
198.122.118.164 - - [28/May/2016:15:45:43 +0100] "GET /section8 HTTP/1.0" 200 2731 "http://productreviews.com" "Mozilla/5.0 (Windows; U; MSIE 9.0; WIndows NT 9.0; en-US))"
218.193.16.244 - - [28/May/2016:16:28:10 +0100] "GET /section1 HTTP/1.0" 200 3755 "http://www.shoppingsite.com" "Mozilla/4.0 (compatible; MSIE 7.0; Windows NT 6.0)"
218.193.16.244 - - [28/May/2016:16:44:26 +0100] "GET /section1 HTTP/1.0" 200 2645 "-" "Mozilla/5.0 (Windows; U; Windows NT 6.1; rv:2.2) Gecko/20110201"
16.180.70.237 - - [28/May/2016:17:06:24 +0100] "GET /section6 HTTP/1.0" 200 2082 "http://www.shoppingsite.com" "Mozilla/5.0 (Macintosh; Intel Mac OS X 10_9_2) AppleWebKit/537.36 (KHTML, like Gecko) Chrome/36.0.1944.0 Safari/537.36"
198.122.118.164 - - [28/May/2016:17:08:49 +0100] "GET /section3 HTTP/1.0" 200 4832 "http://shoptoplist.com/top_shops" "Mozilla/5.0 (Windows; U; Windows NT 6.1; rv:2.2) Gecko/20110201"
218.193.16.244 - - [28/May/2016:17:26:52 +0100] "GET /section3 HTTP/1.0" 200 3349 "http://productreviews.com" "Mozilla/5.0 (iPad; CPU OS 6_0 like Mac OS X) AppleWebKit/536.26 (KHTML, like Gecko) Version/6.0 Mobile/10A5355d Safari/8536.25"
16.180.70.237 - - [28/May/2016:17:27:48 +0100] "GET /section8 HTTP/1.0" 200 4696 "http://searchengine.com" "Mozilla/5.0 (Windows; U; MSIE 9.0; WIndows NT 9.0; en-US))"
123.221.14.56 - - [28/May/2016:17:41:14 +0100] "GET /section8 HTTP/1.0" 200 3498 "http://shoptoplist.com/top_shops" "Mozilla/5.0 (Macintosh; Intel Mac OS X 10_9_2) AppleWebKit/537.36 (KHTML, like Gecko) Chrome/36.0.1944.0 Safari/537.36"
123.221.14.56 - - [28/May/2016:17:53:50 +0100] "GET /section5 HTTP/1.0" 200 3455 "http://shoptoplist.com/top_shops" "Mozilla/5.0 (iPad; CPU OS 6_0 like Mac OS X) AppleWebKit/536.26 (KHTML, like Gecko) Version/6.0 Mobile/10A5355d Safari/8536.25"
81.73.150.239 - - [28/May/2016:18:19:06 +0100] "GET /section2 HTTP/1.0" 200 2478 "http://www.shoppingsite.com" "Mozilla/5.0 (Windows; U; MSIE 9.0; WIndows NT 9.0; en-US))"
233.192.62.103 - - [28/May/2016:19:00:52 +0100] "GET /section8 HTTP/1.0" 200 3110 "http://productreviews.com" "Mozilla/5.0 (Windows NT 5.1; rv:31.0) Gecko/20100101 Firefox/31.0"
244.157.45.12 - - [28/May/2016:19:24:00 +0100] "GET /section1 HTTP/1.0" 200 3890 "http://shoptoplist.com/top_shops" "Mozilla/5.0 (Windows; U; Windows NT 6.1; rv:2.2) Gecko/20110201"
81.73.150.239 - - [28/May/2016:20:10:59 +0100] "GET /section2 HTTP/1.0" 200 2694 "http://www.shoppingsite.com" "Mozilla/5.0 (Windows; U; Windows NT 6.1; rv:2.2) Gecko/20110201"
218.193.16.244 - - [28/May/2016:20:41:00 +0100] "GET /section7 HTTP/1.0" 200 4992 "http://shoptoplist.com/top_shops" "Mozilla/5.0 (iPad; CPU OS 6_0 like Mac OS X) AppleWebKit/536.26 (KHTML, like Gecko) Version/6.0 Mobile/10A5355d Safari/8536.25"
114.214.178.92 - - [28/May/2016:21:02:56 +0100] "GET /section5 HTTP/1.0" 200 3090 "http://shoptoplist.com/top_shops" "Mozilla/5.0 (Windows; U; MSIE 9.0; WIndows NT 9.0; en-US))"
218.193.16.244 - - [28/May/2016:21:35:35 +0100] "GET /section7 HTTP/1.0" 200 2296 "http://shoptoplist.com/top_shops" "Mozilla/5.0 (Linux; U; Android 2.3.5; en-us; HTC Vision Build/GRI40) AppleWebKit/533.1 (KHTML, like Gecko) Version/4.0 Mobile Safari/533.1"
123.221.14.56 - - [28/May/2016:22:14:42 +0100] "GET /section2 HTTP/1.0" 200 2015 "-" "Mozilla/5.0 (Linux; U; Android 2.3.5; en-us; HTC Vision Build/GRI40) AppleWebKit/533.1 (KHTML, like Gecko) Version/4.0 Mobile Safari/533.1"
123.221.14.56 - - [28/May/2016:22:32:28 +0100] "GET /section1 HTTP/1.0" 200 2572 "http://www.shoppingsite.com" "Mozilla/5.0 (Windows; U; Windows NT 6.1; rv:2.2) Gecko/20110201"
114.214.178.92 - - [28/May/2016:22:35:55 +0100] "GET /section6 HTTP/1.0" 200 3932 "http://searchengine.com" "Mozilla/5.0 (Windows; U; MSIE 9.0; WIndows NT 9.0; en-US))"
123.221.14.56 - - [28/May/2016:23:09:18 +0100] "GET /section8 HTTP/1.0" 200 2698 "http://productreviews.com" "Mozilla/5.0 (Linux; U; Android 2.3.5; en-us; HTC Vision Build/GRI40) AppleWebKit/533.1 (KHTML, like Gecko) Version/4.0 Mobile Safari/533.1"
237.43.24.118 - - [28/May/2016:23:47:27 +0100] "GET /section4 HTTP/1.0" 200 3163 "http://www.shoppingsite.com" "Mozilla/4.0 (compatible; MSIE 7.0; Windows NT 6.0)"
237.43.24.118 - - [29/May/2016:00:10:04 +0100] "GET /section6 HTTP/1.0" 200 4176 "http://searchengine.com" "Mozilla/5.0 (Windows NT 5.1; rv:31.0) Gecko/20100101 Firefox/31.0"
218.193.16.244 - - [29/May/2016:00:15:47 +0100] "GET /section1 HTTP/1.0" 200 4955 "http://productreviews.com" "Mozilla/5.0 (Windows; U; Windows NT 6.1; rv:2.2) Gecko/20110201"
218.193.16.244 - - [29/May/2016:00:19:59 +0100] "GET /section2 HTTP/1.0" 200 2661 "-" "Mozilla/5.0 (Windows; U; Windows NT 6.1; rv:2.2) Gecko/20110201"
218.193.16.244 - - [29/May/2016:00:56:14 +0100] "GET /section1 HTTP/1.0" 200 2741 "http://searchengine.com" "Mozilla/5.0 (Windows; U; MSIE 9.0; WIndows NT 9.0; en-US))"
81.73.150.239 - - [29/May/2016:01:24:13 +0100] "GET /section5 HTTP/1.0" 200 2778 "-" "Mozilla/5.0 (Macintosh; Intel Mac OS X 10_9_2) AppleWebKit/537.36 (KHTML, like Gecko) Chrome/36.0.1944.0 Safari/537.36"
10.182.189.79 - - [29/May/2016:01:35:53 +0100] "GET /section1 HTTP/1.0" 200 2005 "-" "Mozilla/5.0 (iPad; CPU OS 6_0 like Mac OS X) AppleWebKit/536.26 (KHTML, like Gecko) Version/6.0 Mobile/10A5355d Safari/8536.25"
233.192.62.103 - - [29/May/2016:02:02:55 +0100] "GET /section6 HTTP/1.0" 200 3581 "http://productreviews.com" "Mozilla/5.0 (Windows; U; Windows NT 6.1; rv:2.2) Gecko/20110201"
16.180.70.237 - - [29/May/2016:02:26:39 +0100] "GET /section6 HTTP/1.0" 200 3731 "http://productreviews.com" "Mozilla/5.0 (Windows; U; Windows NT 6.1; rv:2.2) Gecko/20110201"
114.214.178.92 - - [29/May/2016:02:48:40 +0100] "GET /section2 HTTP/1.0" 200 3562 "http://searchengine.com" "Mozilla/5.0 (Macintosh; Intel Mac OS X 10_9_2) AppleWebKit/537.36 (KHTML, like Gecko) Chrome/36.0.1944.0 Safari/537.36"
81.73.150.239 - - [29/May/2016:03:35:11 +0100] "GET /section7 HTTP/1.0" 200 4278 "-" "Mozilla/5.0 (Windows; U; Windows NT 6.1; rv:2.2) Gecko/20110201"
198.122.118.164 - - [29/May/2016:03:47:34 +0100] "GET /section1 HTTP/1.0" 200 4979 "http://productreviews.com" "Mozilla/5.0 (iPad; CPU OS 6_0 like Mac OS X) AppleWebKit/536.26 (KHTML, like Gecko) Version/6.0 Mobile/10A5355d Safari/8536.25"
10.182.189.79 - - [29/May/2016:03:55:56 +0100] "GET /section6 HTTP/1.0" 200 3660 "http://searchengine.com" "Mozilla/5.0 (Windows; U; Windows NT 6.1; rv:2.2) Gecko/20110201"
16.180.70.237 - - [29/May/2016:04:16:47 +0100] "GET /section6 HTTP/1.0" 200 3238 "http://www.shoppingsite.com" "Mozilla/5.0 (Windows; U; Windows NT 6.1; rv:2.2) Gecko/20110201"
16.180.70.237 - - [29/May/2016:04:25:12 +0100] "GET /section7 HTTP/1.0" 200 4139 "http://searchengine.com" "Mozilla/5.0 (iPad; CPU OS 6_0 like Mac OS X) AppleWebKit/536.26 (KHTML, like Gecko) Version/6.0 Mobile/10A5355d Safari/8536.25"
114.214.178.92 - - [29/May/2016:04:57:31 +0100] "GET /section2 HTTP/1.0" 200 4373 "http://www.shoppingsite.com" "Mozilla/5.0 (iPad; CPU OS 6_0 like Mac OS X) AppleWebKit/536.26 (KHTML, like Gecko) Version/6.0 Mobile/10A5355d Safari/8536.25"
233.192.62.103 - - [29/May/2016:05:23:48 +0100] "GET /section7 HTTP/1.0" 200 3175 "http://shoptoplist.com/top_shops" "Mozilla/4.0 (compatible; MSIE 7.0; Windows NT 6.0)"
10.182.189.79 - - [29/May/2016:05:39:11 +0100] "GET /section6 HTTP/1.0" 200 3532 "http://productreviews.com" "Mozilla/5.0 (iPad; CPU OS 6_0 like Mac OS X) AppleWebKit/536.26 (KHTML, like Gecko) Version/6.0 Mobile/10A5355d Safari/8536.25"
233.192.62.103 - - [29/May/2016:06:17:05 +0100] "GET /section6 HTTP/1.0" 200 4996 "http://www.shoppingsite.com" "Mozilla/4.0 (compatible; MSIE 7.0; Windows NT 6.0)"
114.214.178.92 - - [29/May/2016:06:37:16 +0100] "GET /section1 HTTP/1.0" 200 2872 "http://productreviews.com" "Mozilla/5.0 (Windows; U; Windows NT 6.1; rv:2.2) Gecko/20110201"
244.157.45.12 - - [29/May/2016:06:51:16 +0100] "GET /section4 HTTP/1.0" 200 3850 "http://shoptoplist.com/top_shops" "Mozilla/5.0 (Macintosh; Intel Mac OS X 10_9_2) AppleWebKit/537.36 (KHTML, like Gecko) Chrome/36.0.1944.0 Safari/537.36"
198.122.118.164 - - [29/May/2016:07:03:28 +0100] "GET /section2 HTTP/1.0" 200 3942 "http://shoptoplist.com/top_shops" "Mozilla/5.0 (Macintosh; Intel Mac OS X 10_9_2) AppleWebKit/537.36 (KHTML, like Gecko) Chrome/36.0.1944.0 Safari/537.36"
237.43.24.118 - - [29/May/2016:07:42:14 +0100] "GET /section6 HTTP/1.0" 200 2920 "http://www.shoppingsite.com" "Mozilla/5.0 (Windows; U; Windows NT 6.1; rv:2.2) Gecko/20110201"
233.192.62.103 - - [29/May/2016:07:47:50 +0100] "GET /section8 HTTP/1.0" 200 3333 "http://shoptoplist.com/top_shops" "Mozilla/4.0 (compatible; MSIE 7.0; Windows NT 6.0)"
218.193.16.244 - - [29/May/2016:08:36:11 +0100] "GET /section1 HTTP/1.0" 200 3830 "http://productreviews.com" "Mozilla/5.0 (Windows; U; Windows NT 6.1; rv:2.2) Gecko/20110201"
81.73.150.239 - - [29/May/2016:09:18:04 +0100] "GET /section1 HTTP/1.0" 200 2752 "http://shoptoplist.com/top_shops" "Mozilla/5.0 (Macintosh; Intel Mac OS X 10_9_2) AppleWebKit/537.36 (KHTML, like Gecko) Chrome/36.0.1944.0 Safari/537.36"
244.157.45.12 - - [29/May/2016:10:00:24 +0100] "GET /section8 HTTP/1.0" 200 2151 "http://productreviews.com" "Mozilla/5.0 (Macintosh; Intel Mac OS X 10_9_2) AppleWebKit/537.36 (KHTML, like Gecko) Chrome/36.0.1944.0 Safari/537.36"
244.157.45.12 - - [29/May/2016:10:49:46 +0100] "GET /section8 HTTP/1.0" 200 4534 "http://searchengine.com" "Mozilla/5.0 (Linux; U; Android 2.3.5; en-us; HTC Vision Build/GRI40) AppleWebKit/533.1 (KHTML, like Gecko) Version/4.0 Mobile Safari/533.1"
233.192.62.103 - - [29/May/2016:11:21:47 +0100] "GET /section4 HTTP/1.0" 200 3276 "http://searchengine.com" "Mozilla/5.0 (iPad; CPU OS 6_0 like Mac OS X) AppleWebKit/536.26 (KHTML, like Gecko) Version/6.0 Mobile/10A5355d Safari/8536.25"
237.43.24.118 - - [29/May/2016:11:43:39 +0100] "GET /section8 HTTP/1.0" 200 3076 "http://productreviews.com" "Mozilla/4.0 (compatible; MSIE 7.0; Windows NT 6.0)"
218.193.16.244 - - [29/May/2016:12:03:30 +0100] "GET /section8 HTTP/1.0" 200 2175 "http://www.shoppingsite.com" "Mozilla/5.0 (iPad; CPU OS 6_0 like Mac OS X) AppleWebKit/536.26 (KHTML, like Gecko) Version/6.0 Mobile/10A5355d Safari/8536.25"
114.214.178.92 - - [29/May/2016:12:43:07 +0100] "GET /section4 HTTP/1.0" 200 4187 "http://searchengine.com" "Mozilla/5.0 (Linux; U; Android 2.3.5; en-us; HTC Vision Build/GRI40) AppleWebKit/533.1 (KHTML, like Gecko) Version/4.0 Mobile Safari/533.1"
237.43.24.118 - - [29/May/2016:13:22:49 +0100] "GET /section8 HTTP/1.0" 200 4196 "http://www.shoppingsite.com" "Mozilla/5.0 (Windows NT 5.1; rv:31.0) Gecko/20100101 Firefox/31.0"
237.43.24.118 - - [29/May/2016:13:33:03 +0100] "GET /section2 HTTP/1.0" 200 2645 "http://productreviews.com" "Mozilla/5.0 (Windows NT 5.1; rv:31.0) Gecko/20100101 Firefox/31.0"
123.221.14.56 - - [29/May/2016:13:36:41 +0100] "GET /section4 HTTP/1.0" 200 4997 "http://searchengine.com" "Mozilla/5.0 (iPad; CPU OS 6_0 like Mac OS X) AppleWebKit/536.26 (KHTML, like Gecko) Version/6.0 Mobile/10A5355d Safari/8536.25"
237.43.24.118 - - [29/May/2016:14:10:19 +0100] "GET /section2 HTTP/1.0" 200 4278 "http://searchengine.com" "Mozilla/5.0 (Macintosh; Intel Mac OS X 10_9_2) AppleWebKit/537.36 (KHTML, like Gecko) Chrome/36.0.1944.0 Safari/537.36"
81.73.150.239 - - [29/May/2016:14:58:13 +0100] "GET /section2 HTTP/1.0" 200 2094 "http://www.shoppingsite.com" "Mozilla/5.0 (Windows; U; Windows NT 6.1; rv:2.2) Gecko/20110201"
218.193.16.244 - - [29/May/2016:15:19:21 +0100] "GET /section7 HTTP/1.0" 200 2380 "http://productreviews.com" "Mozilla/5.0 (Linux; U; Android 2.3.5; en-us; HTC Vision Build/GRI40) AppleWebKit/533.1 (KHTML, like Gecko) Version/4.0 Mobile Safari/533.1"
123.221.14.56 - - [29/May/2016:15:39:07 +0100] "GET /section4 HTTP/1.0" 200 4167 "http://www.shoppingsite.com" "Mozilla/5.0 (Macintosh; Intel Mac OS X 10_9_2) AppleWebKit/537.36 (KHTML, like Gecko) Chrome/36.0.1944.0 Safari/537.36"
244.157.45.12 - - [29/May/2016:15:51:45 +0100] "GET /section2 HTTP/1.0" 200 2319 "http://productreviews.com" "Mozilla/5.0 (Windows NT 5.1; rv:31.0) Gecko/20100101 Firefox/31.0"
198.122.118.164 - - [29/May/2016:15:53:58 +0100] "GET /section6 HTTP/1.0" 200 2380 "http://shoptoplist.com/top_shops" "Mozilla/4.0 (compatible; MSIE 7.0; Windows NT 6.0)"
218.193.16.244 - - [29/May/2016:16:16:26 +0100] "GET /section3 HTTP/1.0" 200 2095 "http://productreviews.com" "Mozilla/5.0 (Windows; U; MSIE 9.0; WIndows NT 9.0; en-US))"
10.182.189.79 - - [29/May/2016:16:23:03 +0100] "GET /section1 HTTP/1.0" 200 3833 "http://productreviews.com" "Mozilla/5.0 (Macintosh; Intel Mac OS X 10_9_2) AppleWebKit/537.36 (KHTML, like Gecko) Chrome/36.0.1944.0 Safari/537.36"
237.43.24.118 - - [29/May/2016:16:48:57 +0100] "GET /section1 HTTP/1.0" 200 4058 "http://www.shoppingsite.com" "Mozilla/5.0 (Macintosh; Intel Mac OS X 10_9_2) AppleWebKit/537.36 (KHTML, like Gecko) Chrome/36.0.1944.0 Safari/537.36"
237.43.24.118 - - [29/May/2016:17:34:50 +0100] "GET /section6 HTTP/1.0" 200 2362 "-" "Mozilla/5.0 (Windows; U; MSIE 9.0; WIndows NT 9.0; en-US))"
10.182.189.79 - - [29/May/2016:18:12:01 +0100] "GET /section2 HTTP/1.0" 200 2896 "-" "Mozilla/5.0 (Windows; U; MSIE 9.0; WIndows NT 9.0; en-US))"
237.43.24.118 - - [29/May/2016:18:53:51 +0100] "GET /section2 HTTP/1.0" 200 3862 "http://shoptoplist.com/top_shops" "Mozilla/5.0 (Windows; U; Windows NT 6.1; rv:2.2) Gecko/20110201"
218.193.16.244 - - [29/May/2016:19:01:29 +0100] "GET /section5 HTTP/1.0" 200 4065 "http://shoptoplist.com/top_shops" "Mozilla/5.0 (Windows; U; MSIE 9.0; WIndows NT 9.0; en-US))"
233.192.62.103 - - [29/May/2016:19:32:32 +0100] "GET /section4 HTTP/1.0" 200 4953 "http://productreviews.com" "Mozilla/5.0 (iPad; CPU OS 6_0 like Mac OS X) AppleWebKit/536.26 (KHTML, like Gecko) Version/6.0 Mobile/10A5355d Safari/8536.25"
16.180.70.237 - - [29/May/2016:20:16:21 +0100] "GET /section4 HTTP/1.0" 200 2580 "http://shoptoplist.com/top_shops" "Mozilla/5.0 (Macintosh; Intel Mac OS X 10_9_2) AppleWebKit/537.36 (KHTML, like Gecko) Chrome/36.0.1944.0 Safari/537.36"
123.221.14.56 - - [29/May/2016:20:29:30 +0100] "GET /section4 HTTP/1.0" 200 4376 "http://shoptoplist.com/top_shops" "Mozilla/5.0 (Windows; U; MSIE 9.0; WIndows NT 9.0; en-US))"
218.193.16.244 - - [29/May/2016:20:31:50 +0100] "GET /section1 HTTP/1.0" 200 2133 "-" "Mozilla/4.0 (compatible; MSIE 7.0; Windows NT 6.0)"
16.180.70.237 - - [29/May/2016:21:09:41 +0100] "GET /section5 HTTP/1.0" 200 3544 "http://shoptoplist.com/top_shops" "Mozilla/5.0 (Windows NT 5.1; rv:31.0) Gecko/20100101 Firefox/31.0"
81.73.150.239 - - [29/May/2016:21:43:13 +0100] "GET /section7 HTTP/1.0" 200 3753 "-" "Mozilla/5.0 (iPad; CPU OS 6_0 like Mac OS X) AppleWebKit/536.26 (KHTML, like Gecko) Version/6.0 Mobile/10A5355d Safari/8536.25"
16.180.70.237 - - [29/May/2016:22:19:24 +0100] "GET /section2 HTTP/1.0" 200 3269 "http://shoptoplist.com/top_shops" "Mozilla/5.0 (Windows; U; MSIE 9.0; WIndows NT 9.0; en-US))"
218.193.16.244 - - [29/May/2016:22:30:53 +0100] "GET /section6 HTTP/1.0" 200 3372 "-" "Mozilla/5.0 (Macintosh; Intel Mac OS X 10_9_2) AppleWebKit/537.36 (KHTML, like Gecko) Chrome/36.0.1944.0 Safari/537.36"
123.221.14.56 - - [29/May/2016:22:57:37 +0100] "GET /section6 HTTP/1.0" 200 3965 "-" "Mozilla/4.0 (compatible; MSIE 7.0; Windows NT 6.0)"
123.221.14.56 - - [29/May/2016:23:13:54 +0100] "GET /section7 HTTP/1.0" 200 4587 "http://searchengine.com" "Mozilla/5.0 (Windows NT 5.1; rv:31.0) Gecko/20100101 Firefox/31.0"
233.192.62.103 - - [29/May/2016:23:24:37 +0100] "GET /section7 HTTP/1.0" 200 2190 "http://www.shoppingsite.com" "Mozilla/5.0 (iPad; CPU OS 6_0 like Mac OS X) AppleWebKit/536.26 (KHTML, like Gecko) Version/6.0 Mobile/10A5355d Safari/8536.25"
114.214.178.92 - - [30/May/2016:00:02:15 +0100] "GET /section1 HTTP/1.0" 200 3637 "http://shoptoplist.com/top_shops" "Mozilla/5.0 (Windows; U; MSIE 9.0; WIndows NT 9.0; en-US))"
233.192.62.103 - - [30/May/2016:00:07:30 +0100] "GET /section4 HTTP/1.0" 200 2585 "http://searchengine.com" "Mozilla/5.0 (Windows; U; Windows NT 6.1; rv:2.2) Gecko/20110201"
244.157.45.12 - - [30/May/2016:00:28:43 +0100] "GET /section8 HTTP/1.0" 200 3857 "-" "Mozilla/5.0 (Windows; U; MSIE 9.0; WIndows NT 9.0; en-US))"
233.192.62.103 - - [30/May/2016:00:48:57 +0100] "GET /section1 HTTP/1.0" 200 4952 "http://searchengine.com" "Mozilla/5.0 (Windows; U; Windows NT 6.1; rv:2.2) Gecko/20110201"
244.157.45.12 - - [30/May/2016:01:32:14 +0100] "GET /section1 HTTP/1.0" 200 4708 "http://shoptoplist.com/top_shops" "Mozilla/5.0 (Windows NT 5.1; rv:31.0) Gecko/20100101 Firefox/31.0"
198.122.118.164 - - [30/May/2016:01:40:04 +0100] "GET /section3 HTTP/1.0" 200 2148 "http://searchengine.com" "Mozilla/5.0 (iPad; CPU OS 6_0 like Mac OS X) AppleWebKit/536.26 (KHTML, like Gecko) Version/6.0 Mobile/10A5355d Safari/8536.25"
198.122.118.164 - - [30/May/2016:02:29:13 +0100] "GET /section7 HTTP/1.0" 200 3041 "-" "Mozilla/4.0 (compatible; MSIE 7.0; Windows NT 6.0)"
218.193.16.244 - - [30/May/2016:03:07:27 +0100] "GET /section2 HTTP/1.0" 200 4571 "http://productreviews.com" "Mozilla/5.0 (Windows NT 5.1; rv:31.0) Gecko/20100101 Firefox/31.0"
233.192.62.103 - - [30/May/2016:03:45:07 +0100] "GET /section8 HTTP/1.0" 200 3003 "http://productreviews.com" "Mozilla/5.0 (Macintosh; Intel Mac OS X 10_9_2) AppleWebKit/537.36 (KHTML, like Gecko) Chrome/36.0.1944.0 Safari/537.36"
10.182.189.79 - - [30/May/2016:04:30:56 +0100] "GET /section6 HTTP/1.0" 200 2277 "http://www.shoppingsite.com" "Mozilla/5.0 (Macintosh; Intel Mac OS X 10_9_2) AppleWebKit/537.36 (KHTML, like Gecko) Chrome/36.0.1944.0 Safari/537.36"
16.180.70.237 - - [30/May/2016:04:54:02 +0100] "GET /section5 HTTP/1.0" 200 2960 "http://productreviews.com" "Mozilla/5.0 (Windows NT 5.1; rv:31.0) Gecko/20100101 Firefox/31.0"
10.182.189.79 - - [30/May/2016:05:09:17 +0100] "GET /section5 HTTP/1.0" 200 4997 "http://www.shoppingsite.com" "Mozilla/4.0 (compatible; MSIE 7.0; Windows NT 6.0)"
244.157.45.12 - - [30/May/2016:05:44:52 +0100] "GET /section2 HTTP/1.0" 200 4619 "http://www.shoppingsite.com" "Mozilla/5.0 (Windows; U; MSIE 9.0; WIndows NT 9.0; en-US))"
218.193.16.244 - - [30/May/2016:05:53:26 +0100] "GET /section2 HTTP/1.0" 200 4214 "-" "Mozilla/5.0 (Windows NT 5.1; rv:31.0) Gecko/20100101 Firefox/31.0"
123.221.14.56 - - [30/May/2016:06:20:08 +0100] "GET /section3 HTTP/1.0" 200 3843 "-" "Mozilla/5.0 (Windows; U; Windows NT 6.1; rv:2.2) Gecko/20110201"
10.182.189.79 - - [30/May/2016:07:08:28 +0100] "GET /section4 HTTP/1.0" 200 2767 "http://searchengine.com" "Mozilla/5.0 (Windows; U; MSIE 9.0; WIndows NT 9.0; en-US))"
123.221.14.56 - - [30/May/2016:07:11:17 +0100] "GET /section8 HTTP/1.0" 200 4470 "-" "Mozilla/5.0 (Macintosh; Intel Mac OS X 10_9_2) AppleWebKit/537.36 (KHTML, like Gecko) Chrome/36.0.1944.0 Safari/537.36"
123.221.14.56 - - [30/May/2016:07:38:30 +0100] "GET /section8 HTTP/1.0" 200 4177 "http://www.shoppingsite.com" "Mozilla/4.0 (compatible; MSIE 7.0; Windows NT 6.0)"
198.122.118.164 - - [30/May/2016:07:45:35 +0100] "GET /section6 HTTP/1.0" 200 3996 "-" "Mozilla/4.0 (compatible; MSIE 7.0; Windows NT 6.0)"
237.43.24.118 - - [30/May/2016:08:18:39 +0100] "GET /section3 HTTP/1.0" 200 3589 "http://shoptoplist.com/top_shops" "Mozilla/5.0 (iPad; CPU OS 6_0 like Mac OS X) AppleWebKit/536.26 (KHTML, like Gecko) Version/6.0 Mobile/10A5355d Safari/8536.25"
114.214.178.92 - - [30/May/2016:08:26:35 +0100] "GET /section1 HTTP/1.0" 200 2551 "http://www.shoppingsite.com" "Mozilla/5.0 (Windows; U; Windows NT 6.1; rv:2.2) Gecko/20110201"
16.180.70.237 - - [30/May/2016:08:30:29 +0100] "GET /section4 HTTP/1.0" 200 4915 "http://shoptoplist.com/top_shops" "Mozilla/5.0 (Windows; U; MSIE 9.0; WIndows NT 9.0; en-US))"
233.192.62.103 - - [30/May/2016:08:43:03 +0100] "GET /section2 HTTP/1.0" 200 4752 "http://www.shoppingsite.com" "Mozilla/5.0 (Windows NT 5.1; rv:31.0) Gecko/20100101 Firefox/31.0"
10.182.189.79 - - [30/May/2016:08:58:44 +0100] "GET /section5 HTTP/1.0" 200 3933 "-" "Mozilla/5.0 (iPad; CPU OS 6_0 like Mac OS X) AppleWebKit/536.26 (KHTML, like Gecko) Version/6.0 Mobile/10A5355d Safari/8536.25"
123.221.14.56 - - [30/May/2016:09:15:05 +0100] "GET /section2 HTTP/1.0" 200 3989 "-" "Mozilla/5.0 (Windows NT 5.1; rv:31.0) Gecko/20100101 Firefox/31.0"
244.157.45.12 - - [30/May/2016:09:35:05 +0100] "GET /section8 HTTP/1.0" 200 2605 "-" "Mozilla/5.0 (Macintosh; Intel Mac OS X 10_9_2) AppleWebKit/537.36 (KHTML, like Gecko) Chrome/36.0.1944.0 Safari/537.36"
10.182.189.79 - - [30/May/2016:10:16:54 +0100] "GET /section7 HTTP/1.0" 200 3179 "http://www.shoppingsite.com" "Mozilla/5.0 (Windows; U; MSIE 9.0; WIndows NT 9.0; en-US))"
218.193.16.244 - - [30/May/2016:10:39:54 +0100] "GET /section1 HTTP/1.0" 200 3259 "http://www.shoppingsite.com" "Mozilla/5.0 (Windows; U; MSIE 9.0; WIndows NT 9.0; en-US))"
10.182.189.79 - - [30/May/2016:10:47:22 +0100] "GET /section5 HTTP/1.0" 200 3664 "http://searchengine.com" "Mozilla/5.0 (Windows; U; MSIE 9.0; WIndows NT 9.0; en-US))"
114.214.178.92 - - [30/May/2016:11:27:50 +0100] "GET /section3 HTTP/1.0" 200 3614 "http://shoptoplist.com/top_shops" "Mozilla/5.0 (iPad; CPU OS 6_0 like Mac OS X) AppleWebKit/536.26 (KHTML, like Gecko) Version/6.0 Mobile/10A5355d Safari/8536.25"
81.73.150.239 - - [30/May/2016:11:33:09 +0100] "GET /section1 HTTP/1.0" 200 2725 "http://shoptoplist.com/top_shops" "Mozilla/5.0 (Windows; U; MSIE 9.0; WIndows NT 9.0; en-US))"
233.192.62.103 - - [30/May/2016:12:21:31 +0100] "GET /section8 HTTP/1.0" 200 3489 "http://shoptoplist.com/top_shops" "Mozilla/5.0 (Linux; U; Android 2.3.5; en-us; HTC Vision Build/GRI40) AppleWebKit/533.1 (KHTML, like Gecko) Version/4.0 Mobile Safari/533.1"
198.122.118.164 - - [30/May/2016:12:49:55 +0100] "GET /section2 HTTP/1.0" 200 2075 "http://productreviews.com" "Mozilla/5.0 (Windows NT 5.1; rv:31.0) Gecko/20100101 Firefox/31.0"
123.221.14.56 - - [30/May/2016:13:10:28 +0100] "GET /section1 HTTP/1.0" 200 3668 "http://www.shoppingsite.com" "Mozilla/5.0 (Windows; U; MSIE 9.0; WIndows NT 9.0; en-US))"
16.180.70.237 - - [30/May/2016:13:12:55 +0100] "GET /section8 HTTP/1.0" 200 3371 "-" "Mozilla/5.0 (Linux; U; Android 2.3.5; en-us; HTC Vision Build/GRI40) AppleWebKit/533.1 (KHTML, like Gecko) Version/4.0 Mobile Safari/533.1"
237.43.24.118 - - [30/May/2016:13:58:05 +0100] "GET /section4 HTTP/1.0" 200 4136 "http://shoptoplist.com/top_shops" "Mozilla/5.0 (Windows NT 5.1; rv:31.0) Gecko/20100101 Firefox/31.0"
198.122.118.164 - - [30/May/2016:14:10:18 +0100] "GET /section1 HTTP/1.0" 200 3909 "-" "Mozilla/4.0 (compatible; MSIE 7.0; Windows NT 6.0)"
81.73.150.239 - - [30/May/2016:14:30:04 +0100] "GET /section3 HTTP/1.0" 200 2460 "http://searchengine.com" "Mozilla/4.0 (compatible; MSIE 7.0; Windows NT 6.0)"
81.73.150.239 - - [30/May/2016:14:34:01 +0100] "GET /section6 HTTP/1.0" 200 4295 "-" "Mozilla/5.0 (Windows NT 5.1; rv:31.0) Gecko/20100101 Firefox/31.0"
16.180.70.237 - - [30/May/2016:15:14:56 +0100] "GET /section8 HTTP/1.0" 200 2375 "http://searchengine.com" "Mozilla/5.0 (Windows; U; Windows NT 6.1; rv:2.2) Gecko/20110201"
244.157.45.12 - - [30/May/2016:15:49:29 +0100] "GET /section1 HTTP/1.0" 200 4747 "-" "Mozilla/5.0 (Linux; U; Android 2.3.5; en-us; HTC Vision Build/GRI40) AppleWebKit/533.1 (KHTML, like Gecko) Version/4.0 Mobile Safari/533.1"
198.122.118.164 - - [30/May/2016:16:25:29 +0100] "GET /section6 HTTP/1.0" 200 4379 "http://searchengine.com" "Mozilla/5.0 (Windows; U; MSIE 9.0; WIndows NT 9.0; en-US))"
198.122.118.164 - - [30/May/2016:16:41:30 +0100] "GET /section6 HTTP/1.0" 200 4926 "-" "Mozilla/5.0 (Windows NT 5.1; rv:31.0) Gecko/20100101 Firefox/31.0"
16.180.70.237 - - [30/May/2016:17:29:15 +0100] "GET /section5 HTTP/1.0" 200 3813 "http://shoptoplist.com/top_shops" "Mozilla/5.0 (Windows; U; Windows NT 6.1; rv:2.2) Gecko/20110201"
16.180.70.237 - - [30/May/2016:18:15:04 +0100] "GET /section2 HTTP/1.0" 200 2413 "http://shoptoplist.com/top_shops" "Mozilla/5.0 (Windows; U; MSIE 9.0; WIndows NT 9.0; en-US))"
123.221.14.56 - - [30/May/2016:18:26:22 +0100] "GET /section1 HTTP/1.0" 200 4631 "http://productreviews.com" "Mozilla/5.0 (iPad; CPU OS 6_0 like Mac OS X) AppleWebKit/536.26 (KHTML, like Gecko) Version/6.0 Mobile/10A5355d Safari/8536.25"
81.73.150.239 - - [30/May/2016:18:42:03 +0100] "GET /section1 HTTP/1.0" 200 4037 "-" "Mozilla/5.0 (Windows; U; Windows NT 6.1; rv:2.2) Gecko/20110201"
10.182.189.79 - - [30/May/2016:19:31:02 +0100] "GET /section4 HTTP/1.0" 200 3765 "http://www.shoppingsite.com" "Mozilla/5.0 (Windows; U; MSIE 9.0; WIndows NT 9.0; en-US))"
198.122.118.164 - - [30/May/2016:20:17:22 +0100] "GET /section4 HTTP/1.0" 200 2125 "http://productreviews.com" "Mozilla/5.0 (Linux; U; Android 2.3.5; en-us; HTC Vision Build/GRI40) AppleWebKit/533.1 (KHTML, like Gecko) Version/4.0 Mobile Safari/533.1"
244.157.45.12 - - [30/May/2016:20:23:02 +0100] "GET /section4 HTTP/1.0" 200 3143 "http://productreviews.com" "Mozilla/4.0 (compatible; MSIE 7.0; Windows NT 6.0)"
81.73.150.239 - - [30/May/2016:20:23:47 +0100] "GET /section8 HTTP/1.0" 200 2583 "-" "Mozilla/5.0 (Windows NT 5.1; rv:31.0) Gecko/20100101 Firefox/31.0"
10.182.189.79 - - [30/May/2016:20:49:26 +0100] "GET /section2 HTTP/1.0" 200 3092 "-" "Mozilla/5.0 (Windows NT 5.1; rv:31.0) Gecko/20100101 Firefox/31.0"
218.193.16.244 - - [30/May/2016:21:17:52 +0100] "GET /section7 HTTP/1.0" 200 2484 "http://www.shoppingsite.com" "Mozilla/5.0 (iPad; CPU OS 6_0 like Mac OS X) AppleWebKit/536.26 (KHTML, like Gecko) Version/6.0 Mobile/10A5355d Safari/8536.25"
16.180.70.237 - - [30/May/2016:22:03:21 +0100] "GET /section3 HTTP/1.0" 200 2700 "http://www.shoppingsite.com" "Mozilla/5.0 (Windows; U; Windows NT 6.1; rv:2.2) Gecko/20110201"
16.180.70.237 - - [30/May/2016:22:23:51 +0100] "GET /section5 HTTP/1.0" 200 3386 "http://shoptoplist.com/top_shops" "Mozilla/5.0 (Windows; U; Windows NT 6.1; rv:2.2) Gecko/20110201"
16.180.70.237 - - [30/May/2016:23:10:55 +0100] "GET /section5 HTTP/1.0" 200 4911 "http://www.shoppingsite.com" "Mozilla/5.0 (Linux; U; Android 2.3.5; en-us; HTC Vision Build/GRI40) AppleWebKit/533.1 (KHTML, like Gecko) Version/4.0 Mobile Safari/533.1"
218.193.16.244 - - [30/May/2016:23:50:15 +0100] "GET /section5 HTTP/1.0" 200 4070 "http://productreviews.com" "Mozilla/5.0 (Windows; U; Windows NT 6.1; rv:2.2) Gecko/20110201"
123.221.14.56 - - [31/May/2016:00:40:15 +0100] "GET /section4 HTTP/1.0" 200 4534 "-" "Mozilla/4.0 (compatible; MSIE 7.0; Windows NT 6.0)"
237.43.24.118 - - [31/May/2016:01:01:49 +0100] "GET /section5 HTTP/1.0" 200 3668 "http://productreviews.com" "Mozilla/5.0 (Windows; U; MSIE 9.0; WIndows NT 9.0; en-US))"
114.214.178.92 - - [31/May/2016:01:27:36 +0100] "GET /section4 HTTP/1.0" 200 3748 "http://shoptoplist.com/top_shops" "Mozilla/5.0 (Windows; U; MSIE 9.0; WIndows NT 9.0; en-US))"
237.43.24.118 - - [31/May/2016:01:43:41 +0100] "GET /section3 HTTP/1.0" 200 3959 "http://www.shoppingsite.com" "Mozilla/5.0 (iPad; CPU OS 6_0 like Mac OS X) AppleWebKit/536.26 (KHTML, like Gecko) Version/6.0 Mobile/10A5355d Safari/8536.25"
244.157.45.12 - - [31/May/2016:01:58:35 +0100] "GET /section1 HTTP/1.0" 200 4479 "http://shoptoplist.com/top_shops" "Mozilla/5.0 (Linux; U; Android 2.3.5; en-us; HTC Vision Build/GRI40) AppleWebKit/533.1 (KHTML, like Gecko) Version/4.0 Mobile Safari/533.1"
237.43.24.118 - - [31/May/2016:02:44:11 +0100] "GET /section1 HTTP/1.0" 200 2969 "http://shoptoplist.com/top_shops" "Mozilla/5.0 (Windows; U; Windows NT 6.1; rv:2.2) Gecko/20110201"
123.221.14.56 - - [31/May/2016:03:24:03 +0100] "GET /section7 HTTP/1.0" 200 3122 "-" "Mozilla/4.0 (compatible; MSIE 7.0; Windows NT 6.0)"
198.122.118.164 - - [31/May/2016:04:03:50 +0100] "GET /section7 HTTP/1.0" 200 4900 "http://searchengine.com" "Mozilla/5.0 (iPad; CPU OS 6_0 like Mac OS X) AppleWebKit/536.26 (KHTML, like Gecko) Version/6.0 Mobile/10A5355d Safari/8536.25"
16.180.70.237 - - [31/May/2016:04:40:17 +0100] "GET /section6 HTTP/1.0" 200 4484 "-" "Mozilla/5.0 (Windows; U; MSIE 9.0; WIndows NT 9.0; en-US))"
237.43.24.118 - - [31/May/2016:04:42:45 +0100] "GET /section4 HTTP/1.0" 200 3770 "http://shoptoplist.com/top_shops" "Mozilla/5.0 (Macintosh; Intel Mac OS X 10_9_2) AppleWebKit/537.36 (KHTML, like Gecko) Chrome/36.0.1944.0 Safari/537.36"
114.214.178.92 - - [31/May/2016:04:50:57 +0100] "GET /section3 HTTP/1.0" 200 4823 "http://searchengine.com" "Mozilla/5.0 (Windows; U; MSIE 9.0; WIndows NT 9.0; en-US))"
198.122.118.164 - - [31/May/2016:05:28:07 +0100] "GET /section6 HTTP/1.0" 200 2063 "http://www.shoppingsite.com" "Mozilla/5.0 (Macintosh; Intel Mac OS X 10_9_2) AppleWebKit/537.36 (KHTML, like Gecko) Chrome/36.0.1944.0 Safari/537.36"
244.157.45.12 - - [31/May/2016:05:59:03 +0100] "GET /section1 HTTP/1.0" 200 4909 "http://www.shoppingsite.com" "Mozilla/5.0 (Linux; U; Android 2.3.5; en-us; HTC Vision Build/GRI40) AppleWebKit/533.1 (KHTML, like Gecko) Version/4.0 Mobile Safari/533.1"
218.193.16.244 - - [31/May/2016:06:21:19 +0100] "GET /section3 HTTP/1.0" 200 3949 "-" "Mozilla/4.0 (compatible; MSIE 7.0; Windows NT 6.0)"
218.193.16.244 - - [31/May/2016:06:50:07 +0100] "GET /section2 HTTP/1.0" 200 4654 "http://searchengine.com" "Mozilla/4.0 (compatible; MSIE 7.0; Windows NT 6.0)"
123.221.14.56 - - [31/May/2016:07:29:22 +0100] "GET /section7 HTTP/1.0" 200 2643 "http://www.shoppingsite.com" "Mozilla/4.0 (compatible; MSIE 7.0; Windows NT 6.0)"
233.192.62.103 - - [31/May/2016:08:15:56 +0100] "GET /section4 HTTP/1.0" 200 3860 "http://shoptoplist.com/top_shops" "Mozilla/5.0 (Windows; U; Windows NT 6.1; rv:2.2) Gecko/20110201"
10.182.189.79 - - [31/May/2016:08:19:34 +0100] "GET /section4 HTTP/1.0" 200 2779 "http://www.shoppingsite.com" "Mozilla/5.0 (Linux; U; Android 2.3.5; en-us; HTC Vision Build/GRI40) AppleWebKit/533.1 (KHTML, like Gecko) Version/4.0 Mobile Safari/533.1"
233.192.62.103 - - [31/May/2016:08:56:44 +0100] "GET /section7 HTTP/1.0" 200 3155 "http://productreviews.com" "Mozilla/5.0 (Windows; U; Windows NT 6.1; rv:2.2) Gecko/20110201"
123.221.14.56 - - [31/May/2016:09:15:54 +0100] "GET /section7 HTTP/1.0" 200 2937 "-" "Mozilla/5.0 (Windows NT 5.1; rv:31.0) Gecko/20100101 Firefox/31.0"
237.43.24.118 - - [31/May/2016:09:56:29 +0100] "GET /section8 HTTP/1.0" 200 2971 "http://www.shoppingsite.com" "Mozilla/5.0 (iPad; CPU OS 6_0 like Mac OS X) AppleWebKit/536.26 (KHTML, like Gecko) Version/6.0 Mobile/10A5355d Safari/8536.25"
114.214.178.92 - - [31/May/2016:10:45:25 +0100] "GET /section3 HTTP/1.0" 200 4456 "http://searchengine.com" "Mozilla/5.0 (Macintosh; Intel Mac OS X 10_9_2) AppleWebKit/537.36 (KHTML, like Gecko) Chrome/36.0.1944.0 Safari/537.36"
123.221.14.56 - - [31/May/2016:11:00:20 +0100] "GET /section4 HTTP/1.0" 200 3728 "-" "Mozilla/5.0 (Windows NT 5.1; rv:31.0) Gecko/20100101 Firefox/31.0"
81.73.150.239 - - [31/May/2016:11:02:05 +0100] "GET /section7 HTTP/1.0" 200 2763 "http://www.shoppingsite.com" "Mozilla/5.0 (iPad; CPU OS 6_0 like Mac OS X) AppleWebKit/536.26 (KHTML, like Gecko) Version/6.0 Mobile/10A5355d Safari/8536.25"
198.122.118.164 - - [31/May/2016:11:40:54 +0100] "GET /section8 HTTP/1.0" 200 2833 "http://www.shoppingsite.com" "Mozilla/5.0 (Windows; U; MSIE 9.0; WIndows NT 9.0; en-US))"
198.122.118.164 - - [31/May/2016:11:42:17 +0100] "GET /section3 HTTP/1.0" 200 3363 "http://shoptoplist.com/top_shops" "Mozilla/5.0 (Windows NT 5.1; rv:31.0) Gecko/20100101 Firefox/31.0"
218.193.16.244 - - [31/May/2016:11:54:26 +0100] "GET /section4 HTTP/1.0" 200 2344 "http://productreviews.com" "Mozilla/5.0 (Windows; U; Windows NT 6.1; rv:2.2) Gecko/20110201"
218.193.16.244 - - [31/May/2016:12:37:14 +0100] "GET /section1 HTTP/1.0" 200 3996 "-" "Mozilla/5.0 (Macintosh; Intel Mac OS X 10_9_2) AppleWebKit/537.36 (KHTML, like Gecko) Chrome/36.0.1944.0 Safari/537.36"
114.214.178.92 - - [31/May/2016:12:49:28 +0100] "GET /section3 HTTP/1.0" 200 4408 "http://www.shoppingsite.com" "Mozilla/5.0 (Macintosh; Intel Mac OS X 10_9_2) AppleWebKit/537.36 (KHTML, like Gecko) Chrome/36.0.1944.0 Safari/537.36"
244.157.45.12 - - [31/May/2016:13:17:57 +0100] "GET /section6 HTTP/1.0" 200 4928 "http://productreviews.com" "Mozilla/5.0 (iPad; CPU OS 6_0 like Mac OS X) AppleWebKit/536.26 (KHTML, like Gecko) Version/6.0 Mobile/10A5355d Safari/8536.25"
123.221.14.56 - - [31/May/2016:13:31:25 +0100] "GET /section3 HTTP/1.0" 200 3713 "http://searchengine.com" "Mozilla/5.0 (Linux; U; Android 2.3.5; en-us; HTC Vision Build/GRI40) AppleWebKit/533.1 (KHTML, like Gecko) Version/4.0 Mobile Safari/533.1"
244.157.45.12 - - [31/May/2016:13:55:32 +0100] "GET /section2 HTTP/1.0" 200 4392 "http://shoptoplist.com/top_shops" "Mozilla/5.0 (Macintosh; Intel Mac OS X 10_9_2) AppleWebKit/537.36 (KHTML, like Gecko) Chrome/36.0.1944.0 Safari/537.36"
244.157.45.12 - - [31/May/2016:13:56:35 +0100] "GET /section7 HTTP/1.0" 200 3660 "http://productreviews.com" "Mozilla/5.0 (Windows; U; MSIE 9.0; WIndows NT 9.0; en-US))"
233.192.62.103 - - [31/May/2016:14:32:23 +0100] "GET /section1 HTTP/1.0" 200 2003 "-" "Mozilla/5.0 (iPad; CPU OS 6_0 like Mac OS X) AppleWebKit/536.26 (KHTML, like Gecko) Version/6.0 Mobile/10A5355d Safari/8536.25"
123.221.14.56 - - [31/May/2016:14:54:19 +0100] "GET /section1 HTTP/1.0" 200 2337 "http://shoptoplist.com/top_shops" "Mozilla/5.0 (Windows; U; MSIE 9.0; WIndows NT 9.0; en-US))"
16.180.70.237 - - [31/May/2016:15:29:18 +0100] "GET /section6 HTTP/1.0" 200 2992 "http://productreviews.com" "Mozilla/5.0 (Windows NT 5.1; rv:31.0) Gecko/20100101 Firefox/31.0"
237.43.24.118 - - [31/May/2016:15:42:05 +0100] "GET /section7 HTTP/1.0" 200 4646 "http://productreviews.com" "Mozilla/5.0 (Windows NT 5.1; rv:31.0) Gecko/20100101 Firefox/31.0"
237.43.24.118 - - [31/May/2016:16:23:53 +0100] "GET /section7 HTTP/1.0" 200 2181 "http://productreviews.com" "Mozilla/5.0 (Windows NT 5.1; rv:31.0) Gecko/20100101 Firefox/31.0"
10.182.189.79 - - [31/May/2016:16:25:52 +0100] "GET /section7 HTTP/1.0" 200 2031 "http://productreviews.com" "Mozilla/5.0 (iPad; CPU OS 6_0 like Mac OS X) AppleWebKit/536.26 (KHTML, like Gecko) Version/6.0 Mobile/10A5355d Safari/8536.25"
237.43.24.118 - - [31/May/2016:16:54:46 +0100] "GET /section3 HTTP/1.0" 200 2419 "http://searchengine.com" "Mozilla/4.0 (compatible; MSIE 7.0; Windows NT 6.0)"
114.214.178.92 - - [31/May/2016:17:20:43 +0100] "GET /section5 HTTP/1.0" 200 4115 "http://www.shoppingsite.com" "Mozilla/5.0 (Macintosh; Intel Mac OS X 10_9_2) AppleWebKit/537.36 (KHTML, like Gecko) Chrome/36.0.1944.0 Safari/537.36"
237.43.24.118 - - [31/May/2016:17:28:50 +0100] "GET /section4 HTTP/1.0" 200 4937 "-" "Mozilla/5.0 (Macintosh; Intel Mac OS X 10_9_2) AppleWebKit/537.36 (KHTML, like Gecko) Chrome/36.0.1944.0 Safari/537.36"
123.221.14.56 - - [31/May/2016:17:58:01 +0100] "GET /section7 HTTP/1.0" 200 2657 "-" "Mozilla/5.0 (Windows; U; MSIE 9.0; WIndows NT 9.0; en-US))"
123.221.14.56 - - [31/May/2016:18:30:37 +0100] "GET /section5 HTTP/1.0" 200 2768 "-" "Mozilla/5.0 (Linux; U; Android 2.3.5; en-us; HTC Vision Build/GRI40) AppleWebKit/533.1 (KHTML, like Gecko) Version/4.0 Mobile Safari/533.1"
114.214.178.92 - - [31/May/2016:18:44:32 +0100] "GET /section8 HTTP/1.0" 200 4889 "http://www.shoppingsite.com" "Mozilla/5.0 (Macintosh; Intel Mac OS X 10_9_2) AppleWebKit/537.36 (KHTML, like Gecko) Chrome/36.0.1944.0 Safari/537.36"
244.157.45.12 - - [31/May/2016:19:24:03 +0100] "GET /section6 HTTP/1.0" 200 3690 "http://searchengine.com" "Mozilla/5.0 (Windows; U; Windows NT 6.1; rv:2.2) Gecko/20110201"
237.43.24.118 - - [31/May/2016:20:01:45 +0100] "GET /section5 HTTP/1.0" 200 2312 "http://searchengine.com" "Mozilla/5.0 (Windows; U; MSIE 9.0; WIndows NT 9.0; en-US))"
218.193.16.244 - - [31/May/2016:20:17:09 +0100] "GET /section2 HTTP/1.0" 200 4186 "http://shoptoplist.com/top_shops" "Mozilla/5.0 (Windows NT 5.1; rv:31.0) Gecko/20100101 Firefox/31.0"
16.180.70.237 - - [31/May/2016:20:36:20 +0100] "GET /section2 HTTP/1.0" 200 4726 "http://productreviews.com" "Mozilla/5.0 (Macintosh; Intel Mac OS X 10_9_2) AppleWebKit/537.36 (KHTML, like Gecko) Chrome/36.0.1944.0 Safari/537.36"
114.214.178.92 - - [31/May/2016:21:10:38 +0100] "GET /section8 HTTP/1.0" 200 4656 "http://shoptoplist.com/top_shops" "Mozilla/4.0 (compatible; MSIE 7.0; Windows NT 6.0)"
10.182.189.79 - - [31/May/2016:21:52:42 +0100] "GET /section8 HTTP/1.0" 200 4762 "-" "Mozilla/5.0 (Windows; U; Windows NT 6.1; rv:2.2) Gecko/20110201"
244.157.45.12 - - [31/May/2016:22:33:06 +0100] "GET /section4 HTTP/1.0" 200 4650 "http://www.shoppingsite.com" "Mozilla/4.0 (compatible; MSIE 7.0; Windows NT 6.0)"
244.157.45.12 - - [31/May/2016:23:08:20 +0100] "GET /section1 HTTP/1.0" 200 4397 "http://productreviews.com" "Mozilla/5.0 (iPad; CPU OS 6_0 like Mac OS X) AppleWebKit/536.26 (KHTML, like Gecko) Version/6.0 Mobile/10A5355d Safari/8536.25"
114.214.178.92 - - [31/May/2016:23:28:18 +0100] "GET /section5 HTTP/1.0" 200 2001 "http://shoptoplist.com/top_shops" "Mozilla/5.0 (Windows NT 5.1; rv:31.0) Gecko/20100101 Firefox/31.0"
16.180.70.237 - - [31/May/2016:23:54:40 +0100] "GET /section1 HTTP/1.0" 200 2781 "-" "Mozilla/4.0 (compatible; MSIE 7.0; Windows NT 6.0)"
198.122.118.164 - - [01/Jun/2016:00:41:53 +0100] "GET /section2 HTTP/1.0" 200 3986 "http://searchengine.com" "Mozilla/5.0 (iPad; CPU OS 6_0 like Mac OS X) AppleWebKit/536.26 (KHTML, like Gecko) Version/6.0 Mobile/10A5355d Safari/8536.25"
233.192.62.103 - - [01/Jun/2016:00:45:25 +0100] "GET /section2 HTTP/1.0" 200 2783 "http://shoptoplist.com/top_shops" "Mozilla/5.0 (Windows; U; MSIE 9.0; WIndows NT 9.0; en-US))"
198.122.118.164 - - [01/Jun/2016:00:55:13 +0100] "GET /section4 HTTP/1.0" 200 4367 "http://shoptoplist.com/top_shops" "Mozilla/5.0 (Macintosh; Intel Mac OS X 10_9_2) AppleWebKit/537.36 (KHTML, like Gecko) Chrome/36.0.1944.0 Safari/537.36"
81.73.150.239 - - [01/Jun/2016:01:16:58 +0100] "GET /section6 HTTP/1.0" 200 2376 "http://searchengine.com" "Mozilla/4.0 (compatible; MSIE 7.0; Windows NT 6.0)"
10.182.189.79 - - [01/Jun/2016:01:21:24 +0100] "GET /section6 HTTP/1.0" 200 4491 "http://shoptoplist.com/top_shops" "Mozilla/5.0 (Windows NT 5.1; rv:31.0) Gecko/20100101 Firefox/31.0"
237.43.24.118 - - [01/Jun/2016:01:28:02 +0100] "GET /section1 HTTP/1.0" 200 2617 "-" "Mozilla/4.0 (compatible; MSIE 7.0; Windows NT 6.0)"
244.157.45.12 - - [01/Jun/2016:01:45:41 +0100] "GET /section2 HTTP/1.0" 200 2965 "http://productreviews.com" "Mozilla/5.0 (Macintosh; Intel Mac OS X 10_9_2) AppleWebKit/537.36 (KHTML, like Gecko) Chrome/36.0.1944.0 Safari/537.36"
16.180.70.237 - - [01/Jun/2016:01:50:27 +0100] "GET /section7 HTTP/1.0" 200 3997 "http://shoptoplist.com/top_shops" "Mozilla/4.0 (compatible; MSIE 7.0; Windows NT 6.0)"
198.122.118.164 - - [01/Jun/2016:02:39:36 +0100] "GET /section4 HTTP/1.0" 200 4292 "http://searchengine.com" "Mozilla/5.0 (Macintosh; Intel Mac OS X 10_9_2) AppleWebKit/537.36 (KHTML, like Gecko) Chrome/36.0.1944.0 Safari/537.36"
233.192.62.103 - - [01/Jun/2016:03:29:08 +0100] "GET /section6 HTTP/1.0" 200 4083 "http://searchengine.com" "Mozilla/5.0 (Macintosh; Intel Mac OS X 10_9_2) AppleWebKit/537.36 (KHTML, like Gecko) Chrome/36.0.1944.0 Safari/537.36"
16.180.70.237 - - [01/Jun/2016:03:47:04 +0100] "GET /section5 HTTP/1.0" 200 3992 "-" "Mozilla/5.0 (Windows; U; MSIE 9.0; WIndows NT 9.0; en-US))"
81.73.150.239 - - [01/Jun/2016:04:36:29 +0100] "GET /section1 HTTP/1.0" 200 2991 "http://productreviews.com" "Mozilla/5.0 (Windows NT 5.1; rv:31.0) Gecko/20100101 Firefox/31.0"
114.214.178.92 - - [01/Jun/2016:04:42:05 +0100] "GET /section5 HTTP/1.0" 200 2289 "-" "Mozilla/5.0 (Linux; U; Android 2.3.5; en-us; HTC Vision Build/GRI40) AppleWebKit/533.1 (KHTML, like Gecko) Version/4.0 Mobile Safari/533.1"
16.180.70.237 - - [01/Jun/2016:05:29:39 +0100] "GET /section2 HTTP/1.0" 200 3810 "http://www.shoppingsite.com" "Mozilla/5.0 (Macintosh; Intel Mac OS X 10_9_2) AppleWebKit/537.36 (KHTML, like Gecko) Chrome/36.0.1944.0 Safari/537.36"
114.214.178.92 - - [01/Jun/2016:06:19:16 +0100] "GET /section6 HTTP/1.0" 200 2139 "http://searchengine.com" "Mozilla/5.0 (Macintosh; Intel Mac OS X 10_9_2) AppleWebKit/537.36 (KHTML, like Gecko) Chrome/36.0.1944.0 Safari/537.36"
123.221.14.56 - - [01/Jun/2016:06:20:07 +0100] "GET /section6 HTTP/1.0" 200 4387 "http://productreviews.com" "Mozilla/5.0 (Macintosh; Intel Mac OS X 10_9_2) AppleWebKit/537.36 (KHTML, like Gecko) Chrome/36.0.1944.0 Safari/537.36"
198.122.118.164 - - [01/Jun/2016:06:51:00 +0100] "GET /section7 HTTP/1.0" 200 4795 "http://productreviews.com" "Mozilla/5.0 (Windows; U; Windows NT 6.1; rv:2.2) Gecko/20110201"
10.182.189.79 - - [01/Jun/2016:07:21:49 +0100] "GET /section3 HTTP/1.0" 200 3421 "http://shoptoplist.com/top_shops" "Mozilla/5.0 (Windows NT 5.1; rv:31.0) Gecko/20100101 Firefox/31.0"
233.192.62.103 - - [01/Jun/2016:08:04:44 +0100] "GET /section7 HTTP/1.0" 200 2755 "-" "Mozilla/4.0 (compatible; MSIE 7.0; Windows NT 6.0)"
16.180.70.237 - - [01/Jun/2016:08:12:19 +0100] "GET /section7 HTTP/1.0" 200 3347 "-" "Mozilla/5.0 (Windows; U; MSIE 9.0; WIndows NT 9.0; en-US))"
